{
    "name": "test_vendor/main_test",
    "description": "main_test composer package",
    "keywords": ["main_test"],
    "homepage": "https://github.com/test_vendor/main_test",
    "license": "MIT",
    "authors": [
        {
            "name": "Test Name",
            "email": "test@test.com",
            "homepage": "https://github.com/test_vendor"
        }
    ],
    "require": {
        "php" : "^5.6|^7.0"
    },
    "require-dev": {
        "phpunit/phpunit" : "^5.7"
    },
    "autoload": {
        "psr-4": {
            "TestVendor\\MainTest\\": "src"
        }
    },
    "autoload-dev": {
        "psr-4": {
            "TestVendor\\MainTest\\Tests\\": "tests"
        }
    },
    "scripts": {
        "test": "php vendor/bin/phpunit --configuration ./phpunit.xml.dist --coverage-clover=coverage.clover"
    }
}
